// Jest Snapshot v1, https://goo.gl/fbAQLP

exports[`<ResidentList /> renders successfully 1`] = `
ShallowWrapper {
  "length": 1,
  Symbol(enzyme.__root__): [Circular],
  Symbol(enzyme.__unrendered__): <ResidentList
    residents={
        Array [
            Object {
              "birth_year": "19BBY",
              "created": "2014-12-09T13:50:51.644000Z",
              "edited": "2014-12-20T21:17:56.891000Z",
              "eye_color": "blue",
              "films": Array [
                "https://swapi.co/api/films/2/",
                "https://swapi.co/api/films/6/",
                "https://swapi.co/api/films/3/",
                "https://swapi.co/api/films/1/",
                "https://swapi.co/api/films/7/",
              ],
              "gender": "male",
              "hair_color": "blond",
              "height": "172",
              "homeworld": "https://swapi.co/api/planets/1/",
              "mass": "77",
              "name": "Luke Skywalker",
              "skin_color": "fair",
              "species": Array [
                "https://swapi.co/api/species/1/",
              ],
              "starships": Array [
                "https://swapi.co/api/starships/12/",
                "https://swapi.co/api/starships/22/",
              ],
              "url": "https://swapi.co/api/people/1/",
              "vehicles": Array [
                "https://swapi.co/api/vehicles/14/",
                "https://swapi.co/api/vehicles/30/",
              ],
            },
          ]
    }
/>,
  Symbol(enzyme.__renderer__): Object {
    "batchedUpdates": [Function],
    "getNode": [Function],
    "render": [Function],
    "simulateEvent": [Function],
    "unmount": [Function],
  },
  Symbol(enzyme.__node__): Array [
    <styled.li>
      Luke Skywalker
</styled.li>,
  ],
  Symbol(enzyme.__nodes__): Array [
    Array [
      <styled.li>
        Luke Skywalker
</styled.li>,
    ],
  ],
  Symbol(enzyme.__options__): Object {
    "adapter": ReactSixteenAdapter {
      "options": Object {
        "enableComponentDidUpdateOnSetState": true,
      },
    },
  },
}
`;
